division,rank,username,wins,losses,draws,winpts,spread
CSW,1,jellomochas,4,0,0,4.0,684
CSW,2,curtis_smith,2,2,0,2.0,-26
CSW,3,nchagti,2,2,0,2.0,-51
CSW,4,xeroexpert,0,4,0,0.0,-607
NWL,1,josh,3,1,0,3.0,266
NWL,2,bnjy,3,1,0,3.0,227
NWL,3,chloe,3,1,0,3.0,32
NWL,4,bynak,2,2,0,2.0,61
NWL,5,cesar,2,2,0,2.0,33
NWL,6,IBex7,2,2,0,2.0,-139
NWL,7,llamaste,1,3,0,1.0,-64
NWL,8,OnTheHop,0,4,0,0.0,-416
