# tsh archive file
# automatically generated by Woogles
division CSW CSW.t
division NWL NWL.t
# tsh archive file
# config naspa_tournament_id = 1
# config naspa_director_id = "AA000000"
config rating_system = "nsa2008"
config archive_source_type = 'tsh'
# config event_name = "Woogles, MI"
# config event_date = "April 30, 2022"
#begin_file name=CSW.t
jellomochas	1111111 4 3 2 4; 473 561 478 460
xeroexpert	239842 3 4 1 3; 258 251 358 170
curtis_smith	8008 2 1 4 2; 359 294 393 370
nchagti	90 1 2 3 1; 309 437 453 327
#end_file name=CSW.t
#begin_file name=NWL.t
llamaste	111121312 8 5 4 6; 447 275 481 382
bnjy	99999999 5 7 6 7; 455 440 427 503
chloe	123124 6 8 7 5; 365 427 452 377
OnTheHop	89856 7 6 1 8; 283 335 257 274
josh	1221 2 1 8 3; 403 486 473 450
bynak	1000 3 4 2 1; 321 386 405 458
IBex7	333 4 2 3 2; 313 479 436 311
cesar	0 1 3 5 4; 448 382 439 385
#end_file name=NWL.t
